 
 -------------- celery@b849f3dd52f4 v5.3.1 (emerald-rush)
--- ***** ----- 
-- ******* ---- Linux-6.8.0-47-generic-aarch64-with-glibc2.31 2025-05-05 14:21:45
- *** --- * --- 
- ** ---------- [config]
- ** ---------- .> app:         deckoviz:0xedbb5cf9f110
- ** ---------- .> transport:   redis://:**@redis:6379/0
- ** ---------- .> results:     redis://:**@redis:6379/0
- *** --- * --- .> concurrency: 4 (prefork)
-- ******* ---- .> task events: OFF (enable -E to monitor tasks in this worker)
--- ***** ----- 
 -------------- [queues]
                .> celery           exchange=celery(direct) key=celery
                

[tasks]
  . apps.gallery.tasks.analyze_existing_transcripts
  . apps.gallery.tasks.populate_unsplash_images
  . apps.gallery.tasks.process_audio
  . apps.gallery.tasks.retry_failed_transcriptions

 
 -------------- celery@9adee9a77a64 v5.3.1 (emerald-rush)
--- ***** ----- 
-- ******* ---- Linux-6.8.0-47-generic-aarch64-with-glibc2.31 2025-05-05 14:40:32
- *** --- * --- 
- ** ---------- [config]
- ** ---------- .> app:         deckoviz:0xeeb46c43df70
- ** ---------- .> transport:   redis://:**@redis:6379/0
- ** ---------- .> results:     redis://:**@redis:6379/0
- *** --- * --- .> concurrency: 4 (prefork)
-- ******* ---- .> task events: OFF (enable -E to monitor tasks in this worker)
--- ***** ----- 
 -------------- [queues]
                .> celery           exchange=celery(direct) key=celery
                

[tasks]
  . apps.gallery.tasks.analyze_existing_transcripts
  . apps.gallery.tasks.populate_unsplash_images
  . apps.gallery.tasks.process_audio
  . apps.gallery.tasks.retry_failed_transcriptions

 
 -------------- celery@9adee9a77a64 v5.3.1 (emerald-rush)
--- ***** ----- 
-- ******* ---- Linux-6.8.0-47-generic-aarch64-with-glibc2.31 2025-05-05 14:49:44
- *** --- * --- 
- ** ---------- [config]
- ** ---------- .> app:         deckoviz:0xea34f1043770
- ** ---------- .> transport:   redis://:**@redis:6379/0
- ** ---------- .> results:     redis://:**@redis:6379/0
- *** --- * --- .> concurrency: 4 (prefork)
-- ******* ---- .> task events: OFF (enable -E to monitor tasks in this worker)
--- ***** ----- 
 -------------- [queues]
                .> celery           exchange=celery(direct) key=celery
                

[tasks]
  . apps.gallery.tasks.analyze_existing_transcripts
  . apps.gallery.tasks.populate_unsplash_images
  . apps.gallery.tasks.process_audio
  . apps.gallery.tasks.retry_failed_transcriptions

 
 -------------- celery@6a31e2557ba9 v5.3.1 (emerald-rush)
--- ***** ----- 
-- ******* ---- Linux-6.8.0-47-generic-aarch64-with-glibc2.31 2025-05-05 15:32:28
- *** --- * --- 
- ** ---------- [config]
- ** ---------- .> app:         deckoviz:0xfcae2474b3b0
- ** ---------- .> transport:   redis://:**@redis:6379/0
- ** ---------- .> results:     redis://:**@redis:6379/0
- *** --- * --- .> concurrency: 4 (prefork)
-- ******* ---- .> task events: OFF (enable -E to monitor tasks in this worker)
--- ***** ----- 
 -------------- [queues]
                .> celery           exchange=celery(direct) key=celery
                

[tasks]
  . apps.gallery.tasks.analyze_existing_transcripts
  . apps.gallery.tasks.populate_unsplash_images
  . apps.gallery.tasks.process_audio
  . apps.gallery.tasks.retry_failed_transcriptions

 
 -------------- celery@a6db2508103c v5.3.1 (emerald-rush)
--- ***** ----- 
-- ******* ---- Linux-6.8.0-47-generic-aarch64-with-glibc2.31 2025-05-05 16:33:58
- *** --- * --- 
- ** ---------- [config]
- ** ---------- .> app:         deckoviz:0xf6351eb435f0
- ** ---------- .> transport:   redis://:**@redis:6379/0
- ** ---------- .> results:     redis://:**@redis:6379/0
- *** --- * --- .> concurrency: 4 (prefork)
-- ******* ---- .> task events: OFF (enable -E to monitor tasks in this worker)
--- ***** ----- 
 -------------- [queues]
                .> celery           exchange=celery(direct) key=celery
                

[tasks]
  . apps.gallery.tasks.analyze_existing_transcripts
  . apps.gallery.tasks.populate_unsplash_images
  . apps.gallery.tasks.process_audio
  . apps.gallery.tasks.retry_failed_transcriptions

 
 -------------- celery@dc2fdfd9a06a v5.3.1 (emerald-rush)
--- ***** ----- 
-- ******* ---- Linux-6.8.0-47-generic-aarch64-with-glibc2.31 2025-05-05 16:45:01
- *** --- * --- 
- ** ---------- [config]
- ** ---------- .> app:         deckoviz:0xee0f9dc07470
- ** ---------- .> transport:   redis://:**@redis:6379/0
- ** ---------- .> results:     redis://:**@redis:6379/0
- *** --- * --- .> concurrency: 4 (prefork)
-- ******* ---- .> task events: OFF (enable -E to monitor tasks in this worker)
--- ***** ----- 
 -------------- [queues]
                .> celery           exchange=celery(direct) key=celery
                

[tasks]
  . apps.gallery.tasks.analyze_existing_transcripts
  . apps.gallery.tasks.populate_unsplash_images
  . apps.gallery.tasks.process_audio
  . apps.gallery.tasks.retry_failed_transcriptions

